// Jest Snapshot v1, https://goo.gl/fbAQLP

exports[`HBtn.vue should render an <a> tag when provided a to prop 1`] = `"<a class=\\"h-btn h-btn--link\\"><span class=\\"h-btn__content\\"></span></a>"`;

exports[`HBtn.vue should render an <a> tag when using href prop 1`] = `"<a href=\\"http://www.google.com\\" class=\\"h-btn h-btn--link\\"><span class=\\"h-btn__content\\"></span></a>"`;

exports[`HBtn.vue should render component and match snapshot 1`] = `"<button class=\\"h-btn\\"><span class=\\"h-btn__content\\"></span></button>"`;

exports[`HBtn.vue should render component with color prop and match snapshot 1`] = `"<button class=\\"h-btn\\" style=\\"color: rgb(255, 255, 255); caret-color: #43a047; background-color: rgb(67, 160, 71); border-color: #43a047; box-shadow: 0 10px 20px -10px #43a047;\\"><span class=\\"h-btn__content\\"></span></button>"`;

exports[`HBtn.vue should render specified tag when using tag prop 1`] = `"<div class=\\"h-btn\\"><span class=\\"h-btn__content\\"></span></div>"`;

exports[`HBtn.vue should render with the correct class when passed the icon prop 1`] = `"<button class=\\"h-btn h-btn--icon\\"><span class=\\"h-btn__content\\"></span></button>"`;
